  test.cpp
D:\就业课代码\C++\C++_3_20_1\C++_3_20_1\priority_queue.h(100,31): warning C4267: “参数”: 从“size_t”转换到“int”，可能丢失数据
  (编译源文件“test.cpp”)
      D:\就业课代码\C++\C++_3_20_1\C++_3_20_1\priority_queue.h(100,31):
      模板实例化上下文(最早的实例化上下文)为
          D:\就业课代码\C++\C++_3_20_1\C++_3_20_1\priority_queue.h(118,29):
          查看对正在编译的 类 模板 实例化“bit::priority_queue<int,std::vector<T,std::allocator<T>>,bit::less<T>>”的引用
          with
          [
              T=int
          ]
          D:\就业课代码\C++\C++_3_20_1\C++_3_20_1\priority_queue.h(97,14):
          在编译 类 模板 成员函数“void bit::priority_queue<int,std::vector<T,std::allocator<T>>,bit::less<T>>::push(const T &)”时
          with
          [
              T=int
          ]
              D:\就业课代码\C++\C++_3_20_1\C++_3_20_1\priority_queue.h(119,16):
              请参阅 "bit::test_Pqueue" 中对 "bit::priority_queue<int,std::vector<T,std::allocator<T>>,bit::less<T>>::push" 的第一个引用
          with
          [
              T=int
          ]
  
D:\就业课代码\C++\C++_3_20_1\C++_3_20_1\priority_queue.h(72,30): warning C4267: “=”: 从“size_t”转换到“int”，可能丢失数据
  (编译源文件“test.cpp”)
      D:\就业课代码\C++\C++_3_20_1\C++_3_20_1\priority_queue.h(72,30):
      模板实例化上下文(最早的实例化上下文)为
          D:\就业课代码\C++\C++_3_20_1\C++_3_20_1\priority_queue.h(59,14):
          在编译 类 模板 成员函数“void bit::priority_queue<int,std::vector<T,std::allocator<T>>,bit::less<T>>::AdjustDown(int)”时
          with
          [
              T=int
          ]
              D:\就业课代码\C++\C++_3_20_1\C++_3_20_1\priority_queue.h(107,23):
              请参阅 "bit::priority_queue<int,std::vector<T,std::allocator<T>>,bit::less<T>>::pop" 中对 "bit::priority_queue<int,std::vector<T,std::allocator<T>>,bit::less<T>>::AdjustDown" 的第一个引用
          with
          [
              T=int
          ]
              D:\就业课代码\C++\C++_3_20_1\C++_3_20_1\priority_queue.h(127,19):
              请参阅 "bit::test_Pqueue" 中对 "bit::priority_queue<int,std::vector<T,std::allocator<T>>,bit::less<T>>::pop" 的第一个引用
          with
          [
              T=int
          ]
  
  C++_3_20_1.vcxproj -> D:\就业课代码\C++\C++_3_20_1\x64\Debug\C++_3_20_1.exe
